// Jest Snapshot v1, https://goo.gl/fbAQLP

exports[`renders App successfully 1`] = `
<div>
  <main>
    <header>
      90s shop
      <nav>
        <ul
          style="list-style-type: none; display: flex;"
        >
          <li>
            <a
              data-testid="home-link"
              href="/"
            >
              Home
            </a>
          </li>
          |
          <li>
            <a
              data-testid="cart-link"
              href="/cart"
            >
              Cart (
              0
              )
            </a>
          </li>
        </ul>
      </nav>
      <hr />
    </header>
    <div>
      Welcome to our shop!
      <p>
        You are probably interested in
         
        <a
          href="/products/a"
        >
          Product A
        </a>
        .
      </p>
      <p>
        Check out the newest product
         
        <a
          href="/products/b"
        >
          Product B
        </a>
        !
      </p>
    </div>
  </main>
</div>
`;
